1 1 6 {'k': 1, 'r': 1, 'm': 6, 'components': [6, 6, 3, 3], 'residual': 18, 'cornerjets': [(0, 0, 0), (0, 0, 0), (0, 0, 0)]}
1 1 18 {'k': 1, 'r': 1, 'm': 18, 'components': [6, 4, 3, 3, 3, 2], 'residual': 21, 'cornerjets': [(0, 0, 0), (0, 0, 0), (0, 0, 0)]}
1 1 40 {'k': 1, 'r': 1, 'm': 40, 'components': [6, 4, 3, 3, 3, 2], 'residual': 21, 'cornerjets': [(0, 0, 0), (0, 0, 0), (0, 0, 0)]}
1 2 7 {'k': 1, 'r': 2, 'm': 7, 'components': [6, 6, 3, 3, 3, 3, 3, 3], 'residual': 30, 'cornerjets': [(0, 0, 0), (0, 0, 0), (0, 0, 0)]}
1 2 18 {'k': 1, 'r': 2, 'm': 18, 'components': [6, 6, 3, 3, 3, 3, 3, 3], 'residual': 30, 'cornerjets': [(0, 0, 0), (0, 0, 0), (0, 0, 0)]}
1 2 40 {'k': 1, 'r': 2, 'm': 40, 'components': [6, 6, 3, 3, 3, 3, 3, 3], 'residual': 30, 'cornerjets': [(0, 0, 0), (0, 0, 0), (0, 0, 0)]}
2 1 9 {'k': 2, 'r': 1, 'm': 9, 'components': [6, 3, 3, 3, 3], 'residual': 18, 'cornerjets': [(0, 0, 0), (0, 0, 0), (0, 0, 0)]}
2 1 26 {'k': 2, 'r': 1, 'm': 26, 'components': [4, 3, 3, 3, 3, 3, 2], 'residual': 21, 'cornerjets': [(0, 0, 0), (0, 0, 0), (0, 0, 0)]}
2 1 70 {'k': 2, 'r': 1, 'm': 70, 'components': [4, 3, 3, 3, 3, 3, 2], 'residual': 21, 'cornerjets': [(0, 0, 0), (0, 0, 0), (0, 0, 0)]}
2 2 10 {'k': 2, 'r': 2, 'm': 10, 'components': [6, 6, 3, 3, 3, 3, 3, 3, 3, 3], 'residual': 36, 'cornerjets': [(0, 0, 0), (0, 0, 0), (0, 0, 0)]}
2 2 26 {'k': 2, 'r': 2, 'm': 26, 'components': [6, 6, 3, 3, 3, 3, 3, 3, 3, 3], 'residual': 36, 'cornerjets': [(0, 0, 0), (0, 0, 0), (0, 0, 0)]}
2 2 70 {'k': 2, 'r': 2, 'm': 70, 'components': [6, 6, 3, 3, 3, 3, 3, 3, 3, 3], 'residual': 36, 'cornerjets': [(0, 0, 0), (0, 0, 0), (0, 0, 0)]}
3 1 12 {'k': 3, 'r': 1, 'm': 12, 'components': [6, 3, 3, 3, 3], 'residual': 18, 'cornerjets': [(0, 0, 0), (0, 0, 0), (0, 0, 0)]}
3 1 34 {'k': 3, 'r': 1, 'm': 34, 'components': [4, 3, 3, 3, 3, 3, 2], 'residual': 21, 'cornerjets': [(0, 0, 0), (0, 0, 0), (0, 0, 0)]}
3 1 100 {'k': 3, 'r': 1, 'm': 100, 'components': [4, 3, 3, 3, 3, 3, 2], 'residual': 21, 'cornerjets': [(0, 0, 0), (0, 0, 0), (0, 0, 0)]}
3 2 13 {'k': 3, 'r': 2, 'm': 13, 'components': [6, 6, 3, 3, 3, 3, 3, 3, 3], 'residual': 33, 'cornerjets': [(0, 0, 0), (0, 0, 0), (0, 0, 0)]}
3 2 34 {'k': 3, 'r': 2, 'm': 34, 'components': [6, 6, 3, 3, 3, 3, 3, 3, 3], 'residual': 33, 'cornerjets': [(0, 0, 0), (0, 0, 0), (0, 0, 0)]}
3 2 100 {'k': 3, 'r': 2, 'm': 100, 'components': [6, 6, 3, 3, 3, 3, 3, 3, 3], 'residual': 33, 'cornerjets': [(0, 0, 0), (0, 0, 0), (0, 0, 0)]}
4 1 15 {'k': 4, 'r': 1, 'm': 15, 'components': [6, 3, 3, 3, 3], 'residual': 18, 'cornerjets': [(0, 0, 0), (0, 0, 0), (0, 0, 0)]}
4 1 42 {'k': 4, 'r': 1, 'm': 42, 'components': [4, 3, 3, 3, 3, 3, 2], 'residual': 21, 'cornerjets': [(0, 0, 0), (0, 0, 0), (0, 0, 0)]}
4 1 130 {'k': 4, 'r': 1, 'm': 130, 'components': [4, 3, 3, 3, 3, 3, 2], 'residual': 21, 'cornerjets': [(0, 0, 0), (0, 0, 0), (0, 0, 0)]}
4 2 16 {'k': 4, 'r': 2, 'm': 16, 'components': [6, 6, 3, 3, 3, 3, 3, 3, 3], 'residual': 33, 'cornerjets': [(0, 0, 0), (0, 0, 0), (0, 0, 0)]}
4 2 42 {'k': 4, 'r': 2, 'm': 42, 'components': [6, 6, 3, 3, 3, 3, 3, 3, 3], 'residual': 33, 'cornerjets': [(0, 0, 0), (0, 0, 0), (0, 0, 0)]}
4 2 130 {'k': 4, 'r': 2, 'm': 130, 'components': [6, 6, 3, 3, 3, 3, 3, 3, 3], 'residual': 33, 'cornerjets': [(0, 0, 0), (0, 0, 0), (0, 0, 0)]}
5 1 18 {'k': 5, 'r': 1, 'm': 18, 'components': [6, 3, 3, 3, 3], 'residual': 18, 'cornerjets': [(0, 0, 0), (0, 0, 0), (0, 0, 0)]}
5 1 50 {'k': 5, 'r': 1, 'm': 50, 'components': [4, 3, 3, 3, 3, 3, 2], 'residual': 21, 'cornerjets': [(0, 0, 0), (0, 0, 0), (0, 0, 0)]}
5 1 160 {'k': 5, 'r': 1, 'm': 160, 'components': [4, 3, 3, 3, 3, 3, 2], 'residual': 21, 'cornerjets': [(0, 0, 0), (0, 0, 0), (0, 0, 0)]}
5 2 19 {'k': 5, 'r': 2, 'm': 19, 'components': [6, 6, 3, 3, 3, 3, 3, 3, 3], 'residual': 33, 'cornerjets': [(0, 0, 0), (0, 0, 0), (0, 0, 0)]}
5 2 50 {'k': 5, 'r': 2, 'm': 50, 'components': [6, 6, 3, 3, 3, 3, 3, 3, 3], 'residual': 33, 'cornerjets': [(0, 0, 0), (0, 0, 0), (0, 0, 0)]}
5 2 160 {'k': 5, 'r': 2, 'm': 160, 'components': [6, 6, 3, 3, 3, 3, 3, 3, 3], 'residual': 33, 'cornerjets': [(0, 0, 0), (0, 0, 0), (0, 0, 0)]}
6 1 21 {'k': 6, 'r': 1, 'm': 21, 'components': [6, 3, 3, 3, 3], 'residual': 18, 'cornerjets': [(0, 0, 0), (0, 0, 0), (0, 0, 0)]}
6 1 58 {'k': 6, 'r': 1, 'm': 58, 'components': [4, 3, 3, 3, 3, 3, 2], 'residual': 21, 'cornerjets': [(0, 0, 0), (0, 0, 0), (0, 0, 0)]}
6 1 190 {'k': 6, 'r': 1, 'm': 190, 'components': [4, 3, 3, 3, 3, 3, 2], 'residual': 21, 'cornerjets': [(0, 0, 0), (0, 0, 0), (0, 0, 0)]}
6 2 22 {'k': 6, 'r': 2, 'm': 22, 'components': [6, 6, 3, 3, 3, 3, 3, 3, 3], 'residual': 33, 'cornerjets': [(0, 0, 0), (0, 0, 0), (0, 0, 0)]}
6 2 58 {'k': 6, 'r': 2, 'm': 58, 'components': [6, 6, 3, 3, 3, 3, 3, 3, 3], 'residual': 33, 'cornerjets': [(0, 0, 0), (0, 0, 0), (0, 0, 0)]}
6 2 190 {'k': 6, 'r': 2, 'm': 190, 'components': [6, 6, 3, 3, 3, 3, 3, 3, 3], 'residual': 33, 'cornerjets': [(0, 0, 0), (0, 0, 0), (0, 0, 0)]}
